// Jest Snapshot v1, https://goo.gl/fbAQLP

exports[`msam-dynamodb snapshot test 1`] = `
{
  "Description": "Media Services Application Mapper DynamoDB Tables %%VERSION%%",
  "Outputs": {
    "MediaServicesApplicationMapperDynamoDBModuleStackAlarmsF6F9E932Ref": {
      "Value": {
        "Ref": "Alarms04B5A0BF",
      },
    },
    "MediaServicesApplicationMapperDynamoDBModuleStackChannels0905569CRef": {
      "Value": {
        "Ref": "Channels23F59B6D",
      },
    },
    "MediaServicesApplicationMapperDynamoDBModuleStackCloudWatchEvents6ACDEB1ARef": {
      "Value": {
        "Ref": "CloudWatchEventsFF49B1A7",
      },
    },
    "MediaServicesApplicationMapperDynamoDBModuleStackContent622D5AD1Ref": {
      "Value": {
        "Ref": "Content88381566",
      },
    },
    "MediaServicesApplicationMapperDynamoDBModuleStackEventsFE64F5A1Ref": {
      "Value": {
        "Ref": "EventsD32975C2",
      },
    },
    "MediaServicesApplicationMapperDynamoDBModuleStackLayout9C4BCC32Ref": {
      "Value": {
        "Ref": "LayoutE0C03CD7",
      },
    },
    "MediaServicesApplicationMapperDynamoDBModuleStackResourceNotes46EADC5ERef": {
      "Value": {
        "Ref": "ResourceNotesF0CA7C8E",
      },
    },
    "MediaServicesApplicationMapperDynamoDBModuleStackSettingsDBCDD26FRef": {
      "Value": {
        "Ref": "Settings1CCB6159",
      },
    },
  },
  "Parameters": {
    "referencetoMediaServicesApplicationMapperIAMModuleStackNestedStackIAMModuleStackNestedStackResourceF97053D6OutputsMediaServicesApplicationMapperIAMModuleStackDynamoDBRole0562A431Arn": {
      "Type": "String",
    },
  },
  "Resources": {
    "Alarms04B5A0BF": {
      "DeletionPolicy": "Delete",
      "Properties": {
        "AttributeDefinitions": [
          {
            "AttributeName": "RegionAlarmName",
            "AttributeType": "S",
          },
          {
            "AttributeName": "ResourceArn",
            "AttributeType": "S",
          },
          {
            "AttributeName": "StateValue",
            "AttributeType": "S",
          },
        ],
        "BillingMode": "PAY_PER_REQUEST",
        "GlobalSecondaryIndexes": [
          {
            "IndexName": "StateValueIndex",
            "KeySchema": [
              {
                "AttributeName": "StateValue",
                "KeyType": "HASH",
              },
            ],
            "Projection": {
              "ProjectionType": "ALL",
            },
          },
          {
            "IndexName": "RegionAlarmNameIndex",
            "KeySchema": [
              {
                "AttributeName": "RegionAlarmName",
                "KeyType": "HASH",
              },
            ],
            "Projection": {
              "ProjectionType": "ALL",
            },
          },
          {
            "IndexName": "ResourceArnIndex",
            "KeySchema": [
              {
                "AttributeName": "ResourceArn",
                "KeyType": "HASH",
              },
            ],
            "Projection": {
              "ProjectionType": "ALL",
            },
          },
        ],
        "KeySchema": [
          {
            "AttributeName": "RegionAlarmName",
            "KeyType": "HASH",
          },
          {
            "AttributeName": "ResourceArn",
            "KeyType": "RANGE",
          },
        ],
        "PointInTimeRecoverySpecification": {
          "PointInTimeRecoveryEnabled": true,
        },
        "SSESpecification": {
          "SSEEnabled": true,
        },
      },
      "Type": "AWS::DynamoDB::Table",
      "UpdateReplacePolicy": "Delete",
    },
    "Channels23F59B6D": {
      "DeletionPolicy": "Delete",
      "Properties": {
        "AttributeDefinitions": [
          {
            "AttributeName": "channel",
            "AttributeType": "S",
          },
          {
            "AttributeName": "id",
            "AttributeType": "S",
          },
        ],
        "BillingMode": "PAY_PER_REQUEST",
        "KeySchema": [
          {
            "AttributeName": "channel",
            "KeyType": "HASH",
          },
          {
            "AttributeName": "id",
            "KeyType": "RANGE",
          },
        ],
        "PointInTimeRecoverySpecification": {
          "PointInTimeRecoveryEnabled": true,
        },
        "SSESpecification": {
          "SSEEnabled": true,
        },
      },
      "Type": "AWS::DynamoDB::Table",
      "UpdateReplacePolicy": "Delete",
    },
    "CloudWatchEventsFF49B1A7": {
      "DeletionPolicy": "Delete",
      "Properties": {
        "AttributeDefinitions": [
          {
            "AttributeName": "resource_arn",
            "AttributeType": "S",
          },
          {
            "AttributeName": "timestamp",
            "AttributeType": "N",
          },
        ],
        "BillingMode": "PAY_PER_REQUEST",
        "KeySchema": [
          {
            "AttributeName": "resource_arn",
            "KeyType": "HASH",
          },
          {
            "AttributeName": "timestamp",
            "KeyType": "RANGE",
          },
        ],
        "PointInTimeRecoverySpecification": {
          "PointInTimeRecoveryEnabled": true,
        },
        "SSESpecification": {
          "SSEEnabled": true,
        },
        "TimeToLiveSpecification": {
          "AttributeName": "expires",
          "Enabled": true,
        },
      },
      "Type": "AWS::DynamoDB::Table",
      "UpdateReplacePolicy": "Delete",
    },
    "Content88381566": {
      "DeletionPolicy": "Delete",
      "Properties": {
        "AttributeDefinitions": [
          {
            "AttributeName": "arn",
            "AttributeType": "S",
          },
          {
            "AttributeName": "service",
            "AttributeType": "S",
          },
          {
            "AttributeName": "region",
            "AttributeType": "S",
          },
        ],
        "BillingMode": "PAY_PER_REQUEST",
        "GlobalSecondaryIndexes": [
          {
            "IndexName": "ServiceRegionIndex",
            "KeySchema": [
              {
                "AttributeName": "service",
                "KeyType": "HASH",
              },
              {
                "AttributeName": "region",
                "KeyType": "RANGE",
              },
            ],
            "Projection": {
              "ProjectionType": "ALL",
            },
          },
        ],
        "KeySchema": [
          {
            "AttributeName": "arn",
            "KeyType": "HASH",
          },
        ],
        "PointInTimeRecoverySpecification": {
          "PointInTimeRecoveryEnabled": true,
        },
        "SSESpecification": {
          "SSEEnabled": true,
        },
        "TimeToLiveSpecification": {
          "AttributeName": "expires",
          "Enabled": true,
        },
      },
      "Type": "AWS::DynamoDB::Table",
      "UpdateReplacePolicy": "Delete",
    },
    "DefaultSettings": {
      "DeletionPolicy": "Delete",
      "Properties": {
        "BUILD_STAMP": "DEV_0_0_0",
        "ServiceToken": {
          "Fn::GetAtt": [
            "DefaultSettingsResource66AC9BCF",
            "Arn",
          ],
        },
        "SettingsTable": {
          "Ref": "Settings1CCB6159",
        },
        "StackName": {
          "Ref": "AWS::StackName",
        },
      },
      "Type": "AWS::CloudFormation::CustomResource",
      "UpdateReplacePolicy": "Delete",
    },
    "DefaultSettingsResource66AC9BCF": {
      "Metadata": {
        "cfn_nag": {
          "rules_to_suppress": [
            {
              "id": "W58",
              "reason": "Role with CloudWatch Logs permissions defined in different template.",
            },
            {
              "id": "W92",
              "reason": "Lambda does not need ReservedConcurrentExecutions.",
            },
            {
              "id": "W89",
              "reason": "Lambda does not need to be in a VPC.",
            },
          ],
        },
      },
      "Properties": {
        "Code": {
          "S3Bucket": {
            "Fn::Join": [
              "-",
              [
                "%%BUCKET_NAME%%",
                {
                  "Ref": "AWS::Region",
                },
              ],
            ],
          },
          "S3Key": "%%SOLUTION_NAME%%/%%VERSION%%/dynamodb_resource_DEV_0_0_0.zip",
        },
        "Description": "MSAM Lambda for adding defaults to the Settings table",
        "Environment": {
          "Variables": {
            "BUILD_STAMP": "DEV_0_0_0",
            "SOLUTION_ID": "AwsSolution/SO0048/%%VERSION%%",
          },
        },
        "Handler": "lambda_function.lambda_handler",
        "MemorySize": 2560,
        "Role": {
          "Ref": "referencetoMediaServicesApplicationMapperIAMModuleStackNestedStackIAMModuleStackNestedStackResourceF97053D6OutputsMediaServicesApplicationMapperIAMModuleStackDynamoDBRole0562A431Arn",
        },
        "Runtime": "python3.10",
        "Timeout": 300,
      },
      "Type": "AWS::Lambda::Function",
    },
    "EventsD32975C2": {
      "DeletionPolicy": "Delete",
      "Properties": {
        "AttributeDefinitions": [
          {
            "AttributeName": "resource_arn",
            "AttributeType": "S",
          },
          {
            "AttributeName": "alarm_id",
            "AttributeType": "S",
          },
          {
            "AttributeName": "alarm_state",
            "AttributeType": "S",
          },
          {
            "AttributeName": "source",
            "AttributeType": "S",
          },
        ],
        "BillingMode": "PAY_PER_REQUEST",
        "GlobalSecondaryIndexes": [
          {
            "IndexName": "AlarmStateIndex",
            "KeySchema": [
              {
                "AttributeName": "alarm_state",
                "KeyType": "HASH",
              },
            ],
            "Projection": {
              "ProjectionType": "ALL",
            },
          },
          {
            "IndexName": "ResourceAlarmStateIndex",
            "KeySchema": [
              {
                "AttributeName": "resource_arn",
                "KeyType": "HASH",
              },
              {
                "AttributeName": "alarm_state",
                "KeyType": "RANGE",
              },
            ],
            "Projection": {
              "ProjectionType": "ALL",
            },
          },
          {
            "IndexName": "AlarmStateSourceIndex",
            "KeySchema": [
              {
                "AttributeName": "source",
                "KeyType": "HASH",
              },
              {
                "AttributeName": "alarm_state",
                "KeyType": "RANGE",
              },
            ],
            "Projection": {
              "ProjectionType": "ALL",
            },
          },
        ],
        "KeySchema": [
          {
            "AttributeName": "resource_arn",
            "KeyType": "HASH",
          },
          {
            "AttributeName": "alarm_id",
            "KeyType": "RANGE",
          },
        ],
        "PointInTimeRecoverySpecification": {
          "PointInTimeRecoveryEnabled": true,
        },
        "SSESpecification": {
          "SSEEnabled": true,
        },
        "TimeToLiveSpecification": {
          "AttributeName": "expires",
          "Enabled": true,
        },
      },
      "Type": "AWS::DynamoDB::Table",
      "UpdateReplacePolicy": "Delete",
    },
    "LayoutE0C03CD7": {
      "DeletionPolicy": "Delete",
      "Properties": {
        "AttributeDefinitions": [
          {
            "AttributeName": "view",
            "AttributeType": "S",
          },
          {
            "AttributeName": "id",
            "AttributeType": "S",
          },
        ],
        "BillingMode": "PAY_PER_REQUEST",
        "GlobalSecondaryIndexes": [
          {
            "IndexName": "IdIndex",
            "KeySchema": [
              {
                "AttributeName": "id",
                "KeyType": "HASH",
              },
            ],
            "Projection": {
              "ProjectionType": "ALL",
            },
          },
        ],
        "KeySchema": [
          {
            "AttributeName": "view",
            "KeyType": "HASH",
          },
          {
            "AttributeName": "id",
            "KeyType": "RANGE",
          },
        ],
        "PointInTimeRecoverySpecification": {
          "PointInTimeRecoveryEnabled": true,
        },
        "SSESpecification": {
          "SSEEnabled": true,
        },
      },
      "Type": "AWS::DynamoDB::Table",
      "UpdateReplacePolicy": "Delete",
    },
    "ResourceNotesF0CA7C8E": {
      "DeletionPolicy": "Delete",
      "Properties": {
        "AttributeDefinitions": [
          {
            "AttributeName": "resource_arn",
            "AttributeType": "S",
          },
        ],
        "BillingMode": "PAY_PER_REQUEST",
        "KeySchema": [
          {
            "AttributeName": "resource_arn",
            "KeyType": "HASH",
          },
        ],
        "PointInTimeRecoverySpecification": {
          "PointInTimeRecoveryEnabled": true,
        },
        "SSESpecification": {
          "SSEEnabled": true,
        },
      },
      "Type": "AWS::DynamoDB::Table",
      "UpdateReplacePolicy": "Delete",
    },
    "Settings1CCB6159": {
      "DeletionPolicy": "Delete",
      "Properties": {
        "AttributeDefinitions": [
          {
            "AttributeName": "id",
            "AttributeType": "S",
          },
        ],
        "BillingMode": "PAY_PER_REQUEST",
        "KeySchema": [
          {
            "AttributeName": "id",
            "KeyType": "HASH",
          },
        ],
        "PointInTimeRecoverySpecification": {
          "PointInTimeRecoveryEnabled": true,
        },
        "SSESpecification": {
          "SSEEnabled": true,
        },
      },
      "Type": "AWS::DynamoDB::Table",
      "UpdateReplacePolicy": "Delete",
    },
  },
}
`;
